---
source: crates/starfish/config/tests/parameters_test.rs
expression: parameters
---
leader_timeout:
  secs: 0
  nanos: 200000000
min_block_delay:
  secs: 0
  nanos: 50000000
soft_leader_timeout:
  secs: 0
  nanos: 100000000
max_forward_time_drift:
  secs: 0
  nanos: 500000000
max_headers_per_commit_sync_fetch: 1000
max_transactions_per_commit_sync_fetch: 1000
max_headers_per_regular_sync_fetch: 100
max_transactions_per_regular_sync_fetch: 1000
sync_last_known_own_block_timeout:
  secs: 5
  nanos: 0
dag_state_cached_rounds: 500
commit_sync_parallel_fetches: 8
commit_sync_batch_size: 100
commit_sync_batches_ahead: 32
max_headers_per_bundle: 150
max_shards_per_bundle: 150
tonic:
  keepalive_interval:
    secs: 5
    nanos: 0
  connection_buffer_size: 33554432
  excessive_message_size: 16777216
  message_size_limit: 67108864
fast_commit_sync_batch_size: 1000
commit_sync_gap_threshold: 1000
enable_fast_commit_syncer: true
enable_starfish_speed_adaptive_acknowledgments: true
