---
source: crates/iota-cost/tests/empirical_transaction_cost.rs
expression: common_costs_actual
snapshot_kind: text
---
{
  "MergeCoin": {
    "computation_cost": "1000000",
    "computation_cost_burned": "1000000",
    "storage_cost": "1960800",
    "storage_rebate": "0",
    "non_refundable_storage_fee": "0"
  },
  "Publish": {
    "computation_cost": "1000000",
    "computation_cost_burned": "1000000",
    "storage_cost": "13474800",
    "storage_rebate": "0",
    "non_refundable_storage_fee": "0"
  },
  "SharedCounterAssertValue": {
    "computation_cost": "1000000",
    "computation_cost_burned": "1000000",
    "storage_cost": "2576400",
    "storage_rebate": "1596000",
    "non_refundable_storage_fee": "0"
  },
  "SharedCounterCreate": {
    "computation_cost": "1000000",
    "computation_cost_burned": "1000000",
    "storage_cost": "2576400",
    "storage_rebate": "0",
    "non_refundable_storage_fee": "0"
  },
  "SharedCounterIncrement": {
    "computation_cost": "1000000",
    "computation_cost_burned": "1000000",
    "storage_cost": "2576400",
    "storage_rebate": "1596000",
    "non_refundable_storage_fee": "0"
  },
  "SplitCoin": {
    "computation_cost": "1000000",
    "computation_cost_burned": "1000000",
    "storage_cost": "4902000",
    "storage_rebate": "0",
    "non_refundable_storage_fee": "0"
  },
  "TransferPortionIotaCoin": {
    "computation_cost": "1000000",
    "computation_cost_burned": "1000000",
    "storage_cost": "1960800",
    "storage_rebate": "0",
    "non_refundable_storage_fee": "0"
  },
  "TransferWholeCoin": {
    "computation_cost": "1000000",
    "computation_cost_burned": "1000000",
    "storage_cost": "1960800",
    "storage_rebate": "0",
    "non_refundable_storage_fee": "0"
  },
  "TransferWholeIotaCoin": {
    "computation_cost": "1000000",
    "computation_cost_burned": "1000000",
    "storage_cost": "980400",
    "storage_rebate": "0",
    "non_refundable_storage_fee": "0"
  }
}
