---
source: crates/move-compiler/tests/move_check_testsuite.rs
info:
  flavor: iota
  edition: 2024.alpha
  lint: false
---
error[Iota E02011]: invalid 'view' function signature
   ┌─ tests/iota_mode/move_2024/typing/view_function/invalid.move:44:7
   │
44 │     #[view]
   │       ^^^^ Invalid visibility for view function 'private_view'
45 │     fun private_view(): u64 {
   │         ------------ View functions must be declared as 'public'

error[Iota E02011]: invalid 'view' function signature
   ┌─ tests/iota_mode/move_2024/typing/view_function/invalid.move:49:7
   │
49 │     #[view]
   │       ^^^^ Invalid return type for view function 'no_return'
50 │     public fun no_return() {
   │                --------- View functions must return at least one value

error[Iota E02011]: invalid 'view' function signature
   ┌─ tests/iota_mode/move_2024/typing/view_function/invalid.move:54:7
   │
54 │     #[view]
   │       ^^^^ Invalid parameter type for view function 'object_by_value'
55 │     public fun object_by_value(_object: Object): u64 {
   │                                -------  ------ View functions cannot accept objects or values that could contain objects by value
   │                                │         
   │                                Invalid view parameter '_object'

error[Iota E02011]: invalid 'view' function signature
   ┌─ tests/iota_mode/move_2024/typing/view_function/invalid.move:59:7
   │
59 │     #[view]
   │       ^^^^ Invalid parameter type for view function 'object_mutable_ref'
60 │     public fun object_mutable_ref(_object_ref: &mut Object): u64 {
   │                                   -----------  ----------- View functions cannot accept mutable references
   │                                   │             
   │                                   Invalid view parameter '_object_ref'

error[Iota E02011]: invalid 'view' function signature
   ┌─ tests/iota_mode/move_2024/typing/view_function/invalid.move:64:7
   │
64 │     #[view]
   │       ^^^^ Invalid parameter type for view function 'concrete_multiple_object_by_value'
65 │     public fun concrete_multiple_object_by_value(
66 │         _generic_object2: GenericObject2<Wrapped, Wrapped>,
   │         ----------------  -------------------------------- View functions cannot accept objects or values that could contain objects by value
   │         │                  
   │         Invalid view parameter '_generic_object2'

error[Iota E02011]: invalid 'view' function signature
   ┌─ tests/iota_mode/move_2024/typing/view_function/invalid.move:71:7
   │
71 │     #[view]
   │       ^^^^ Invalid parameter type for view function 'generic_object_by_value'
72 │     public fun generic_object_by_value(_generic_object: GenericObject<Wrapped>): u64 {
   │                                        ---------------  ---------------------- View functions cannot accept objects or values that could contain objects by value
   │                                        │                 
   │                                        Invalid view parameter '_generic_object'

error[Iota E02011]: invalid 'view' function signature
   ┌─ tests/iota_mode/move_2024/typing/view_function/invalid.move:76:7
   │
76 │     #[view]
   │       ^^^^ Invalid parameter type for view function 'generic_object_mutable_ref'
77 │     public fun generic_object_mutable_ref(_object_ref: &mut GenericObject<Wrapped>): u64 {
   │                                           -----------  --------------------------- View functions cannot accept mutable references
   │                                           │             
   │                                           Invalid view parameter '_object_ref'

error[Iota E02011]: invalid 'view' function signature
   ┌─ tests/iota_mode/move_2024/typing/view_function/invalid.move:81:7
   │
81 │     #[view]
   │       ^^^^ Invalid parameter type for view function 'template_by_value'
82 │     public fun template_by_value<T: store>(_generic_object: GenericObject<T>): u64 {
   │                                            ---------------  ---------------- View functions cannot accept objects or values that could contain objects by value
   │                                            │                 
   │                                            Invalid view parameter '_generic_object'

error[Iota E02011]: invalid 'view' function signature
   ┌─ tests/iota_mode/move_2024/typing/view_function/invalid.move:86:7
   │
86 │     #[view]
   │       ^^^^ Invalid parameter type for view function 'template_key_store_by_value'
87 │     public fun template_key_store_by_value<T: key + store>(
88 │         _generic_object: GenericObject<T>,
   │         ---------------  ---------------- View functions cannot accept objects or values that could contain objects by value
   │         │                 
   │         Invalid view parameter '_generic_object'

error[Iota E02011]: invalid 'view' function signature
   ┌─ tests/iota_mode/move_2024/typing/view_function/invalid.move:94:7
   │
94 │     #[view]
   │       ^^^^ Invalid parameter type for view function 'template_copy_drop_store_by_value'
95 │     public fun template_copy_drop_store_by_value<T: copy + drop + store>(
96 │         _generic_object: GenericObject<T>,
   │         ---------------  ---------------- View functions cannot accept objects or values that could contain objects by value
   │         │                 
   │         Invalid view parameter '_generic_object'

error[Iota E02011]: invalid 'view' function signature
    ┌─ tests/iota_mode/move_2024/typing/view_function/invalid.move:101:7
    │
101 │     #[view]
    │       ^^^^ Invalid parameter mutability for view function 'mutable_primitive_param'
102 │     public fun mutable_primitive_param(mut value: u64): u64 {
    │                                        --- ----- Invalid view parameter 'value'
    │                                        │    
    │                                        View function parameters cannot be declared as mutable

error[Iota E02011]: invalid 'view' function signature
    ┌─ tests/iota_mode/move_2024/typing/view_function/invalid.move:107:7
    │
107 │     #[view]
    │       ^^^^ Invalid parameter mutability for view function 'mutable_non_object_param'
108 │     public fun mutable_non_object_param(mut value: NonObject): u64 {
    │                                         --- ----- Invalid view parameter 'value'
    │                                         │    
    │                                         View function parameters cannot be declared as mutable

error[Iota E02011]: invalid 'view' function signature
    ┌─ tests/iota_mode/move_2024/typing/view_function/invalid.move:113:7
    │
113 │     #[view]
    │       ^^^^ Invalid parameter mutability for view function 'update_string_by_value'
114 │     public fun update_string_by_value(mut name: String): String {
    │                                       --- ---- Invalid view parameter 'name'
    │                                       │    
    │                                       View function parameters cannot be declared as mutable

error[Iota E02011]: invalid 'view' function signature
    ┌─ tests/iota_mode/move_2024/typing/view_function/invalid.move:119:7
    │
119 │     #[view]
    │       ^^^^ Invalid parameter type for view function 'direct_key_store_type_param_by_value'
120 │     public fun direct_key_store_type_param_by_value<T: key + store>(_generic_object: T): u64 {
    │                                                                     ---------------  - View functions cannot accept objects or values that could contain objects by value
    │                                                                     │                 
    │                                                                     Invalid view parameter '_generic_object'

error[Iota E02011]: invalid 'view' function signature
    ┌─ tests/iota_mode/move_2024/typing/view_function/invalid.move:124:7
    │
124 │     #[view]
    │       ^^^^ Invalid parameter type for view function 'unconstrained_type_param_by_value'
125 │     public fun unconstrained_type_param_by_value<T>(_value: T): u64 {
    │                                                     ------  - View functions cannot accept objects or values that could contain objects by value
    │                                                     │        
    │                                                     Invalid view parameter '_value'

error[Iota E02011]: invalid 'view' function signature
    ┌─ tests/iota_mode/move_2024/typing/view_function/invalid.move:129:7
    │
129 │     #[view]
    │       ^^^^ Invalid parameter type for view function 'store_only_by_value'
130 │     public fun store_only_by_value(value: StoreOnly): u64 {
    │                                    -----  --------- View functions cannot accept objects or values that could contain objects by value
    │                                    │       
    │                                    Invalid view parameter 'value'

error[Iota E02011]: invalid 'view' function signature
    ┌─ tests/iota_mode/move_2024/typing/view_function/invalid.move:135:7
    │
135 │     #[view]
    │       ^^^^ Invalid parameter type for view function 'store_only_type_param_by_value'
136 │     public fun store_only_type_param_by_value<T: store>(_value: T): u64 {
    │                                                         ------  - View functions cannot accept objects or values that could contain objects by value
    │                                                         │        
    │                                                         Invalid view parameter '_value'

error[Iota E02011]: invalid 'view' function signature
    ┌─ tests/iota_mode/move_2024/typing/view_function/invalid.move:140:7
    │
140 │     #[view]
    │       ^^^^ Invalid parameter type for view function 'option_object_by_value'
141 │     public fun option_object_by_value(_value: Option<GenericObject<Wrapped>>): u64 {
    │                                       ------  ------------------------------ View functions cannot accept objects or values that could contain objects by value
    │                                       │        
    │                                       Invalid view parameter '_value'

error[Iota E02011]: invalid 'view' function signature
    ┌─ tests/iota_mode/move_2024/typing/view_function/invalid.move:145:7
    │
145 │     #[view]
    │       ^^^^ Invalid parameter type for view function 'option_template_object_by_value'
146 │     public fun option_template_object_by_value<T: key + store>(_value: Option<T>): u64 {
    │                                                                ------  --------- View functions cannot accept objects or values that could contain objects by value
    │                                                                │        
    │                                                                Invalid view parameter '_value'

error[Iota E02011]: invalid 'view' function signature
    ┌─ tests/iota_mode/move_2024/typing/view_function/invalid.move:150:7
    │
150 │     #[view]
    │       ^^^^ Invalid parameter type for view function 'option_vector_object_by_value'
151 │     public fun option_vector_object_by_value(
152 │         _value: Option<vector<GenericObject<Wrapped>>>,
    │         ------  -------------------------------------- View functions cannot accept objects or values that could contain objects by value
    │         │        
    │         Invalid view parameter '_value'

error[Iota E02011]: invalid 'view' function signature
    ┌─ tests/iota_mode/move_2024/typing/view_function/invalid.move:157:7
    │
157 │     #[view]
    │       ^^^^ Invalid parameter type for view function 'vector_option_object_by_value'
158 │     public fun vector_option_object_by_value(
159 │         _value: vector<Option<GenericObject<Wrapped>>>,
    │         ------  -------------------------------------- View functions cannot accept objects or values that could contain objects by value
    │         │        
    │         Invalid view parameter '_value'

error[Iota E02011]: invalid 'view' function signature
    ┌─ tests/iota_mode/move_2024/typing/view_function/invalid.move:164:7
    │
164 │     #[view]
    │       ^^^^ Invalid parameter type for view function 'option_primitive_mutable_ref'
165 │     public fun option_primitive_mutable_ref(_value: &mut Option<u64>): u64 {
    │                                             ------  ---------------- View functions cannot accept mutable references
    │                                             │        
    │                                             Invalid view parameter '_value'

error[Iota E02011]: invalid 'view' function signature
    ┌─ tests/iota_mode/move_2024/typing/view_function/invalid.move:169:7
    │
169 │     #[view]
    │       ^^^^ Invalid parameter type for view function 'option_non_object_mutable_ref'
170 │     public fun option_non_object_mutable_ref(_value: &mut Option<NonObject>): u64 {
    │                                              ------  ---------------------- View functions cannot accept mutable references
    │                                              │        
    │                                              Invalid view parameter '_value'

error[Iota E02011]: invalid 'view' function signature
    ┌─ tests/iota_mode/move_2024/typing/view_function/invalid.move:174:7
    │
174 │     #[view]
    │       ^^^^ Invalid parameter type for view function 'option_object_mutable_ref'
175 │     public fun option_object_mutable_ref(_value: &mut Option<GenericObject<Wrapped>>): u64 {
    │                                          ------  ----------------------------------- View functions cannot accept mutable references
    │                                          │        
    │                                          Invalid view parameter '_value'

error[Iota E02011]: invalid 'view' function signature
    ┌─ tests/iota_mode/move_2024/typing/view_function/invalid.move:179:7
    │
179 │     #[view]
    │       ^^^^ Invalid parameter type for view function 'vector_object_by_value'
180 │     public fun vector_object_by_value(_value: vector<GenericObject<Wrapped>>): u64 {
    │                                       ------  ------------------------------ View functions cannot accept objects or values that could contain objects by value
    │                                       │        
    │                                       Invalid view parameter '_value'

error[Iota E02011]: invalid 'view' function signature
    ┌─ tests/iota_mode/move_2024/typing/view_function/invalid.move:184:7
    │
184 │     #[view]
    │       ^^^^ Invalid parameter type for view function 'vector_template_object_by_value'
185 │     public fun vector_template_object_by_value<T: key + store>(_value: vector<T>): u64 {
    │                                                                ------  --------- View functions cannot accept objects or values that could contain objects by value
    │                                                                │        
    │                                                                Invalid view parameter '_value'

error[Iota E02011]: invalid 'view' function signature
    ┌─ tests/iota_mode/move_2024/typing/view_function/invalid.move:189:7
    │
189 │     #[view]
    │       ^^^^ Invalid parameter type for view function 'vector_primitive_mutable_ref'
190 │     public fun vector_primitive_mutable_ref(_value: &mut vector<u64>): u64 {
    │                                             ------  ---------------- View functions cannot accept mutable references
    │                                             │        
    │                                             Invalid view parameter '_value'

error[Iota E02011]: invalid 'view' function signature
    ┌─ tests/iota_mode/move_2024/typing/view_function/invalid.move:194:7
    │
194 │     #[view]
    │       ^^^^ Invalid parameter type for view function 'vector_non_object_mutable_ref'
195 │     public fun vector_non_object_mutable_ref(_value: &mut vector<NonObject>): u64 {
    │                                              ------  ---------------------- View functions cannot accept mutable references
    │                                              │        
    │                                              Invalid view parameter '_value'

error[Iota E02011]: invalid 'view' function signature
    ┌─ tests/iota_mode/move_2024/typing/view_function/invalid.move:199:7
    │
199 │     #[view]
    │       ^^^^ Invalid parameter type for view function 'vector_object_mutable_ref'
200 │     public fun vector_object_mutable_ref(_value: &mut vector<GenericObject<Wrapped>>): u64 {
    │                                          ------  ----------------------------------- View functions cannot accept mutable references
    │                                          │        
    │                                          Invalid view parameter '_value'

error[Iota E02011]: invalid 'view' function signature
    ┌─ tests/iota_mode/move_2024/typing/view_function/invalid.move:204:7
    │
204 │     #[view]
    │       ^^^^ Invalid parameter type for view function 'receiving_by_value'
205 │     public fun receiving_by_value(_receiving: Receiving<GenericObject<Wrapped>>): u64 {
    │                                   ----------  --------------------------------- View functions cannot accept objects or values that could contain objects by value
    │                                   │            
    │                                   Invalid view parameter '_receiving'

error[Iota E02011]: invalid 'view' function signature
    ┌─ tests/iota_mode/move_2024/typing/view_function/invalid.move:209:7
    │
209 │     #[view]
    │       ^^^^ Invalid parameter type for view function 'receiving_mutable_ref'
210 │     public fun receiving_mutable_ref(_receiving: &mut Receiving<GenericObject<Wrapped>>): u64 {
    │                                      ----------  -------------------------------------- View functions cannot accept mutable references
    │                                      │            
    │                                      Invalid view parameter '_receiving'

error[Iota E02011]: invalid 'view' function signature
    ┌─ tests/iota_mode/move_2024/typing/view_function/invalid.move:214:7
    │
214 │     #[view]
    │       ^^^^ Invalid parameter type for view function 'tx_context_mutable_ref'
215 │     public fun tx_context_mutable_ref(_ctx: &mut iota::tx_context::TxContext): u64 {
    │                                       ----  -------------------------------- View functions cannot accept mutable references
    │                                       │      
    │                                       Invalid view parameter '_ctx'

error[Iota E02011]: invalid 'view' function signature
    ┌─ tests/iota_mode/move_2024/typing/view_function/invalid.move:219:7
    │
219 │     #[view]
    │       ^^^^ Invalid return type for view function 'returns_object'
220 │     public fun returns_object(): Object {
    │                                  ------ View functions cannot return objects or values that could contain objects

error[Iota E02011]: invalid 'view' function signature
    ┌─ tests/iota_mode/move_2024/typing/view_function/invalid.move:224:7
    │
224 │     #[view]
    │       ^^^^ Invalid return type for view function 'returns_object_vector'
225 │     public fun returns_object_vector(): vector<GenericObject<Wrapped>> {
    │                                         ------------------------------ View functions cannot return objects or values that could contain objects

error[Iota E02011]: invalid 'view' function signature
    ┌─ tests/iota_mode/move_2024/typing/view_function/invalid.move:229:7
    │
229 │     #[view]
    │       ^^^^ Invalid return type for view function 'returns_option_object'
230 │     public fun returns_option_object(): Option<GenericObject<Wrapped>> {
    │                                         ------------------------------ View functions cannot return objects or values that could contain objects

error[Iota E02011]: invalid 'view' function signature
    ┌─ tests/iota_mode/move_2024/typing/view_function/invalid.move:234:7
    │
234 │     #[view]
    │       ^^^^ Invalid return type for view function 'returns_store_only'
235 │     public fun returns_store_only(): StoreOnly {
    │                                      --------- View functions cannot return objects or values that could contain objects

error[Iota E02011]: invalid 'view' function signature
    ┌─ tests/iota_mode/move_2024/typing/view_function/invalid.move:239:7
    │
239 │     #[view]
    │       ^^^^ Invalid return type for view function 'returns_option_store_only'
240 │     public fun returns_option_store_only(): Option<StoreOnly> {
    │                                             ----------------- View functions cannot return objects or values that could contain objects

error[Iota E02011]: invalid 'view' function signature
    ┌─ tests/iota_mode/move_2024/typing/view_function/invalid.move:244:7
    │
244 │     #[view]
    │       ^^^^ Invalid return type for view function 'returns_key_store_type_param'
245 │     public fun returns_key_store_type_param<T: key + store>(): T {
    │                                                                - View functions cannot return objects or values that could contain objects

error[Iota E02011]: invalid 'view' function signature
    ┌─ tests/iota_mode/move_2024/typing/view_function/invalid.move:249:7
    │
249 │     #[view]
    │       ^^^^ Invalid return type for view function 'returns_store_only_type_param'
250 │     public fun returns_store_only_type_param<T: store>(): T {
    │                                                           - View functions cannot return objects or values that could contain objects

error[Iota E02011]: invalid 'view' function signature
    ┌─ tests/iota_mode/move_2024/typing/view_function/invalid.move:254:7
    │
254 │     #[view]
    │       ^^^^ Invalid return type for view function 'returns_tuple_with_object'
255 │     public fun returns_tuple_with_object(): (u64, GenericObject<Wrapped>) {
    │                                             ----------------------------- View functions cannot return objects or values that could contain objects

error[Iota E02011]: invalid 'view' function signature
    ┌─ tests/iota_mode/move_2024/typing/view_function/invalid.move:259:7
    │
259 │     #[view]
    │       ^^^^ Invalid parameter type for view function 'store_only_type_param'
260 │     public native fun store_only_type_param<T: store>(x: T): u64;
    │                                                       -  - View functions cannot accept objects or values that could contain objects by value
    │                                                       │   
    │                                                       Invalid view parameter 'x'

error[Iota E02011]: invalid 'view' function signature
    ┌─ tests/iota_mode/move_2024/typing/view_function/invalid.move:262:7
    │
262 │     #[view]
    │       ^^^^ Invalid parameter type for view function 'native_mut_ref'
263 │     public native fun native_mut_ref(x: &mut u64): u64;
    │                                      -  -------- View functions cannot accept mutable references
    │                                      │   
    │                                      Invalid view parameter 'x'
